
> lastrev-libraries@0.0.1 test /Users/jaime.morales/dev/lastrev-libraries
> turbo run test:e2e test

• Packages in scope: @last-rev/app-config, @last-rev/cli, @last-rev/cms-dynamodb-loader, @last-rev/cms-fs-loader, @last-rev/cms-path-rules-engine, @last-rev/cms-path-util, @last-rev/cms-redis-loader, @last-rev/cms-sidekick-util, @last-rev/cms-sync-to-fs, @last-rev/cms-webhook-handler, @last-rev/contentful-cms-loader, @last-rev/contentful-fragment-gen, @last-rev/contentful-import-export, @last-rev/contentful-reports, @last-rev/contentful-webhook-parser, @last-rev/eslint-plugin-last-rev, @last-rev/graphql-algolia-integration, @last-rev/graphql-cms-core, @last-rev/graphql-cms-helpers, @last-rev/graphql-schema-gen, @last-rev/logging, @last-rev/rollup-config, @last-rev/sanity-cms-loader, @last-rev/sanity-mapper, @last-rev/sanity-webhook-parser, @last-rev/sitemap-generator, @last-rev/testing-library, @last-rev/timer, @last-rev/types, contentful-management-jobs
• Running test:e2e, test in 30 packages
• Remote caching disabled
@last-rev/app-config:test: cache miss, executing 6e9aff0dcebfab9e
@last-rev/contentful-reports:build: cache hit, suppressing logs 564028e8e78da234
@last-rev/timer:build: cache hit, suppressing logs 628180853738b5dc
@last-rev/eslint-plugin-last-rev:test: cache miss, executing 1c265c73d745e43c
@last-rev/app-config:build: cache hit, suppressing logs 5d6810c1f12e6be1
@last-rev/timer:test: cache hit, suppressing logs 2d958d4ae3416ae9
@last-rev/cms-sidekick-util:test: cache miss, executing d3c3887eb16c1907
@last-rev/sitemap-generator:test: cache miss, executing 8c1e2bcdc48383bc
@last-rev/logging:build: cache hit, suppressing logs f8248030d16d0c15
@last-rev/logging:test: cache miss, executing 1b748f383e84da85
@last-rev/contentful-webhook-parser:test: cache hit, suppressing logs 91f7bc4fb946e67c
@last-rev/contentful-import-export:test: cache miss, executing 75cee41b8b8ae204
@last-rev/cms-dynamodb-loader:build: cache hit, suppressing logs 8bfa6fb0cb2a718c
@last-rev/graphql-schema-gen:test: cache hit, suppressing logs 29a42348010f9ade
@last-rev/contentful-webhook-parser:build: cache hit, suppressing logs 819ce666d54b5436
@last-rev/sanity-mapper:build: cache hit, suppressing logs d143185612d7d030
@last-rev/cms-path-rules-engine:test: cache miss, executing a27a14951c147504
@last-rev/contentful-cms-loader:build: cache hit, suppressing logs 4067fb5b7836ae1d
@last-rev/cms-redis-loader:build: cache hit, suppressing logs 7fca0a4a7560b07c
@last-rev/cms-path-rules-engine:build: cache hit, suppressing logs 14227358c9e66b93
@last-rev/cms-fs-loader:build: cache hit, suppressing logs 1eb7d4e3f8cca2a6
@last-rev/graphql-schema-gen:build: cache hit, suppressing logs 5f52a544e7a70636
@last-rev/contentful-import-export:build: cache hit, suppressing logs 7043b0cfb891095b
@last-rev/cms-redis-loader:test: cache miss, executing d8f7780b5a382461
@last-rev/cms-dynamodb-loader:test: cache miss, executing 345c2a41727a326c
@last-rev/contentful-fragment-gen:build: cache hit, suppressing logs a883463c2d06b456
@last-rev/contentful-fragment-gen:test: cache miss, executing ad7b2a168937d3fa
@last-rev/app-config:test: 
@last-rev/app-config:test: > @last-rev/app-config@0.5.1 test /Users/jaime.morales/dev/lastrev-libraries/packages/app-config
@last-rev/app-config:test: > jest --passWithNoTests
@last-rev/app-config:test: 
@last-rev/eslint-plugin-last-rev:test: 
@last-rev/eslint-plugin-last-rev:test: > @last-rev/eslint-plugin-last-rev@0.1.1 test /Users/jaime.morales/dev/lastrev-libraries/packages/eslint-plugin-last-rev
@last-rev/eslint-plugin-last-rev:test: > jest --passWithNoTests
@last-rev/eslint-plugin-last-rev:test: 
@last-rev/cms-sidekick-util:test: 
@last-rev/cms-sidekick-util:test: > @last-rev/cms-sidekick-util@0.1.0 test /Users/jaime.morales/dev/lastrev-libraries/packages/cms-sidekick-util
@last-rev/cms-sidekick-util:test: > jest
@last-rev/cms-sidekick-util:test: 
@last-rev/sitemap-generator:test: 
@last-rev/sitemap-generator:test: > @last-rev/sitemap-generator@0.3.0 test /Users/jaime.morales/dev/lastrev-libraries/packages/sitemap-generator
@last-rev/sitemap-generator:test: > jest --passWithNoTests
@last-rev/sitemap-generator:test: 
@last-rev/logging:test: 
@last-rev/logging:test: > @last-rev/logging@0.1.4 test /Users/jaime.morales/dev/lastrev-libraries/packages/logging
@last-rev/logging:test: > jest --passWithNoTests
@last-rev/logging:test: 
@last-rev/contentful-import-export:test: 
@last-rev/contentful-import-export:test: > @last-rev/contentful-import-export@0.2.0 test /Users/jaime.morales/dev/lastrev-libraries/packages/contentful-import-export
@last-rev/contentful-import-export:test: > jest --passWithNoTests
@last-rev/contentful-import-export:test: 
@last-rev/cms-path-rules-engine:test: 
@last-rev/cms-path-rules-engine:test: > @last-rev/cms-path-rules-engine@0.1.0 test /Users/jaime.morales/dev/lastrev-libraries/packages/cms-path-rules-engine
@last-rev/cms-path-rules-engine:test: > jest --passWithNoTests
@last-rev/cms-path-rules-engine:test: 
@last-rev/cms-dynamodb-loader:test: 
@last-rev/cms-dynamodb-loader:test: > @last-rev/cms-dynamodb-loader@0.1.0 test /Users/jaime.morales/dev/lastrev-libraries/packages/cms-dynamodb-loader
@last-rev/cms-dynamodb-loader:test: > jest --passWithNoTests
@last-rev/cms-dynamodb-loader:test: 
@last-rev/contentful-fragment-gen:test: 
@last-rev/contentful-fragment-gen:test: > @last-rev/contentful-fragment-gen@0.3.0 test /Users/jaime.morales/dev/lastrev-libraries/packages/contentful-fragment-gen
@last-rev/contentful-fragment-gen:test: > jest --passWithNoTests
@last-rev/contentful-fragment-gen:test: 
@last-rev/cms-redis-loader:test: 
@last-rev/cms-redis-loader:test: > @last-rev/cms-redis-loader@0.1.0 test /Users/jaime.morales/dev/lastrev-libraries/packages/cms-redis-loader
@last-rev/cms-redis-loader:test: > jest --passWithNoTests
@last-rev/cms-redis-loader:test: 
@last-rev/contentful-import-export:test: No tests found, exiting with code 0
@last-rev/contentful-import-export:test: ----------|---------|----------|---------|---------|-------------------
@last-rev/contentful-import-export:test: File      | % Stmts | % Branch | % Funcs | % Lines | Uncovered Line #s 
@last-rev/contentful-import-export:test: ----------|---------|----------|---------|---------|-------------------
@last-rev/contentful-import-export:test: All files |       0 |        0 |       0 |       0 |                   
@last-rev/contentful-import-export:test: ----------|---------|----------|---------|---------|-------------------
@last-rev/cms-fs-loader:test: cache hit, suppressing logs 95a17c289cf95187
@last-rev/contentful-cms-loader:test: cache miss, executing 8275ad0df299dd5e
@last-rev/cms-redis-loader:test: No tests found, exiting with code 0
@last-rev/contentful-fragment-gen:test: No tests found, exiting with code 0
@last-rev/cms-redis-loader:test: ----------|---------|----------|---------|---------|-------------------
@last-rev/cms-redis-loader:test: File      | % Stmts | % Branch | % Funcs | % Lines | Uncovered Line #s 
@last-rev/cms-redis-loader:test: ----------|---------|----------|---------|---------|-------------------
@last-rev/cms-redis-loader:test: All files |       0 |        0 |       0 |       0 |                   
@last-rev/cms-redis-loader:test: ----------|---------|----------|---------|---------|-------------------
@last-rev/contentful-fragment-gen:test: ----------|---------|----------|---------|---------|-------------------
@last-rev/contentful-fragment-gen:test: File      | % Stmts | % Branch | % Funcs | % Lines | Uncovered Line #s 
@last-rev/contentful-fragment-gen:test: ----------|---------|----------|---------|---------|-------------------
@last-rev/contentful-fragment-gen:test: All files |       0 |        0 |       0 |       0 |                   
@last-rev/contentful-fragment-gen:test: ----------|---------|----------|---------|---------|-------------------
@last-rev/sanity-mapper:test: cache miss, executing d8df3b7348f4fec4
@last-rev/graphql-algolia-integration:test: cache miss, executing 8f007eab4968956d
@last-rev/cms-dynamodb-loader:test: No tests found, exiting with code 0
@last-rev/cms-dynamodb-loader:test: ----------|---------|----------|---------|---------|-------------------
@last-rev/cms-dynamodb-loader:test: File      | % Stmts | % Branch | % Funcs | % Lines | Uncovered Line #s 
@last-rev/cms-dynamodb-loader:test: ----------|---------|----------|---------|---------|-------------------
@last-rev/cms-dynamodb-loader:test: All files |       0 |        0 |       0 |       0 |                   
@last-rev/cms-dynamodb-loader:test: ----------|---------|----------|---------|---------|-------------------
@last-rev/eslint-plugin-last-rev:test: ts-jest[ts-jest-transformer] (WARN) Define `ts-jest` config under `globals` is deprecated. Please do
@last-rev/eslint-plugin-last-rev:test: transform: {
@last-rev/eslint-plugin-last-rev:test:     <transform_regex>: ['ts-jest', { /* ts-jest config goes here in Jest */ }],
@last-rev/eslint-plugin-last-rev:test: },
@last-rev/eslint-plugin-last-rev:test: See more at https://kulshekhar.github.io/ts-jest/docs/getting-started/presets#advanced
@last-rev/cms-sidekick-util:test: ts-jest[ts-jest-transformer] (WARN) Define `ts-jest` config under `globals` is deprecated. Please do
@last-rev/cms-sidekick-util:test: transform: {
@last-rev/cms-sidekick-util:test:     <transform_regex>: ['ts-jest', { /* ts-jest config goes here in Jest */ }],
@last-rev/cms-sidekick-util:test: },
@last-rev/cms-sidekick-util:test: See more at https://kulshekhar.github.io/ts-jest/docs/getting-started/presets#advanced
@last-rev/sitemap-generator:test: ts-jest[ts-jest-transformer] (WARN) Define `ts-jest` config under `globals` is deprecated. Please do
@last-rev/sitemap-generator:test: transform: {
@last-rev/sitemap-generator:test:     <transform_regex>: ['ts-jest', { /* ts-jest config goes here in Jest */ }],
@last-rev/sitemap-generator:test: },
@last-rev/sitemap-generator:test: See more at https://kulshekhar.github.io/ts-jest/docs/getting-started/presets#advanced
@last-rev/sanity-cms-loader:test: cache miss, executing a1f1bd1bb2bc52a1
@last-rev/logging:test: ts-jest[ts-jest-transformer] (WARN) Define `ts-jest` config under `globals` is deprecated. Please do
@last-rev/logging:test: transform: {
@last-rev/logging:test:     <transform_regex>: ['ts-jest', { /* ts-jest config goes here in Jest */ }],
@last-rev/logging:test: },
@last-rev/logging:test: See more at https://kulshekhar.github.io/ts-jest/docs/getting-started/presets#advanced
@last-rev/contentful-cms-loader:test: 
@last-rev/contentful-cms-loader:test: > @last-rev/contentful-cms-loader@0.5.0 test /Users/jaime.morales/dev/lastrev-libraries/packages/contentful-cms-loader
@last-rev/contentful-cms-loader:test: > jest --passWithNoTests
@last-rev/contentful-cms-loader:test: 
@last-rev/contentful-cms-loader:test: sh: jest: command not found
@last-rev/contentful-cms-loader:test:  ELIFECYCLE  Test failed. See above for more details.
@last-rev/contentful-cms-loader:test: ERROR: command finished with error: command (/Users/jaime.morales/dev/lastrev-libraries/packages/contentful-cms-loader) /Users/jaime.morales/.nvm/versions/node/v22.16.0/bin/pnpm run test exited (1)
@last-rev/sanity-cms-loader:build: cache hit, suppressing logs 3bb59cdc401dd7aa
@last-rev/sanity-webhook-parser:build: cache hit, suppressing logs 280d098241788c0f
@last-rev/sanity-webhook-parser:test: cache miss, executing 4eebd1c9015822c8
@last-rev/cms-path-util:test: cache miss, executing 66235c20671ccff0
@last-rev/cms-path-util:build: cache hit, suppressing logs e7babd5d3cb01317
@last-rev/contentful-cms-loader#test: command (/Users/jaime.morales/dev/lastrev-libraries/packages/contentful-cms-loader) /Users/jaime.morales/.nvm/versions/node/v22.16.0/bin/pnpm run test exited (1)

 Tasks:    25 successful, 37 total
Cached:    21 cached, 37 total
  Time:    4.554s 
Failed:    @last-rev/contentful-cms-loader#test

 ERROR  run failed: command  exited (1)
 ELIFECYCLE  Test failed. See above for more details.
